// Jest Snapshot v1, https://goo.gl/fbAQLP

exports[`Image renders 1`] = `
.c0 {
  background-position: center;
  background-repeat: no-repeat;
  background-size: cover;
  background-image: url(undefined);
  width: 100vw;
  height: 100vh;
}

<div
  className="c0"
  height="100vh"
  width="100vw"
/>
`;
