// Jest Snapshot v1, https://goo.gl/fbAQLP

exports[`components SlideDeck renders 1`] = `
Array [
  .c1 {
  overflow-x: hidden;
  width: 100%;
  height: 100%;
}

.c2 {
  display: -webkit-box;
  display: -webkit-flex;
  display: -ms-flexbox;
  display: flex;
  width: 100%;
  height: 100%;
  -webkit-transition-property: -webkit-transform;
  -webkit-transition-property: transform;
  transition-property: transform;
  -webkit-transition-timing-function: ease-out;
  transition-timing-function: ease-out;
  -webkit-transition-duration: .3s;
  transition-duration: .3s;
  -webkit-transform: translateX(0%);
  -ms-transform: translateX(0%);
  transform: translateX(0%);
}

.c0 {
  font-family: system-ui,sans-serif;
  font-size: 16px;
  text-align: center;
  width: 100vw;
  height: 100vh;
  color: #000;
  background-color: white;
}

@media print {
  .c1 {
    height: auto;
    overflow-x: visible;
  }
}

@media print {
  .c2 {
    height: auto;
    display: block;
  }
}

@media print {
  .c0 {
    font-size: 24px;
    height: auto;
  }
}

@media screen and (min-width:64em) {
  .c0 {
    font-size: 32px;
  }
}

<div
    onMouseDown={[Function]}
    onTouchEnd={[Function]}
    onTouchMove={[Function]}
    onTouchStart={[Function]}
  >
    <div
      className="c0"
      color="text"
      height="100vh"
      mode="NORMAL"
      step={-1}
      width="100vw"
    >
      <div
        className="c1"
      >
        <div
          className="c2"
        />
      </div>
    </div>
  </div>,
  .c1 {
  display: -webkit-box;
  display: -webkit-flex;
  display: -ms-flexbox;
  display: flex;
  -webkit-box-pack: center;
  -webkit-justify-content: center;
  -ms-flex-pack: center;
  justify-content: center;
  margin-bottom: 8px;
  margin-left: auto;
  margin-right: auto;
}

.c0 {
  position: fixed;
  left: 0;
  right: 0;
  bottom: 0;
}

@media print {
  .c1 {
    display: none;
  }
}

<div
    className="c0"
  >
    <div
      className="c1"
    />
  </div>,
  .c1 {
  cursor: pointer;
  width: 64px;
  height: 100vh;
}

.c0 {
  position: fixed;
  top: 0;
  left: 0;
  bottom: 0;
}

<div
    className="c0 c1"
    onClick={[Function]}
    role="button"
    title="Previous Slide"
  />,
  .c1 {
  cursor: pointer;
  width: 64px;
  height: 100vh;
}

.c0 {
  position: fixed;
  top: 0;
  right: 0;
  bottom: 0;
}

<div
    className="c0 c1"
    onClick={[Function]}
    role="button"
    title="Next Slide"
  />,
]
`;
