// Jest Snapshot v1, https://goo.gl/fbAQLP

exports[`MDXDeck renders 1`] = `
.c1 {
  display: -webkit-box;
  display: -webkit-flex;
  display: -ms-flexbox;
  display: flex;
  -webkit-flex-direction: column;
  -ms-flex-direction: column;
  flex-direction: column;
  width: 100vw;
  height: 100vh;
  -webkit-align-items: center;
  -webkit-box-align: center;
  -ms-flex-align: center;
  align-items: center;
  -webkit-box-pack: center;
  -webkit-justify-content: center;
  -ms-flex-pack: center;
  justify-content: center;
}

.c0 {
  font-family: system-ui,sans-serif;
  color: #000;
  background-color: white;
  font-size: 1.5em;
  text-align: center;
}

.c0 li > ul,
.c0 li > ol {
  font-size: inherit;
}

.c0 li > p {
  font-size: inherit;
  margin: 0;
}

.c0 ul {
  text-align: left;
}

.c0 ol {
  text-align: left;
}

@media screen and (min-width:64em) {
  .c0 {
    font-size: 3em;
  }
}

<div
  onTouchStart={[Function]}
>
  <div
    className="c0"
  >
    <div
      role="group"
      style={
        Object {
          "outline": "none",
        }
      }
      tabIndex="-1"
    >
      <div
        className="c1"
      >
        <div
          role="group"
          style={
            Object {
              "outline": "none",
            }
          }
          tabIndex="-1"
        >
          <h1>
            hi
          </h1>
        </div>
      </div>
    </div>
  </div>
</div>
`;
